
> vite_react_shadcn_ts@0.0.0 build
> vite build

[36mvite v5.4.19 [32mbuilding for production...[36m[39m
transforming...
[32mÔ£ô[39m 2727 modules transformed.
rendering chunks...
computing gzip size...
[2mdist/[22m[32mregisterSW.js                                     [39m[1m[2m    0.13 kB[22m[1m[22m
[2mdist/[22m[32mmanifest.webmanifest                              [39m[1m[2m    0.45 kB[22m[1m[22m
[2mdist/[22m[32mindex.html                                        [39m[1m[2m    2.53 kB[22m[1m[22m[2m Ôöé gzip:     0.96 kB[22m
[2mdist/[22m[32massets/logo-DvSi_2S_.webp                         [39m[1m[2m   28.95 kB[22m[1m[22m
[2mdist/[22m[32massets/johannes-hero-portrait-C2Q-YQsq.webp       [39m[1m[2m   29.72 kB[22m[1m[22m
[2mdist/[22m[32massets/hero-poster-DKrIdQMx.webp                  [39m[1m[2m   81.72 kB[22m[1m[22m
[2mdist/[22m[32massets/johannes-speed-CWhAAx3J.webp               [39m[1m[2m   82.08 kB[22m[1m[22m
[2mdist/[22m[32massets/johannes-coaching-new-DddvQvso.jpg         [39m[1m[2m  147.30 kB[22m[1m[22m
[2mdist/[22m[32massets/gestalt-kontaktzyklus-B2FXORsB.webp        [39m[1m[2m  161.25 kB[22m[1m[22m
[2mdist/[22m[32massets/johannes-bodywork-new-2-CaeuCiRd.jpg       [39m[1m[2m  173.62 kB[22m[1m[22m
[2mdist/[22m[32massets/johannes-bodywork-new-1-Mh5eNRtx.jpg       [39m[1m[2m  182.96 kB[22m[1m[22m
[2mdist/[22m[32massets/johannes-cycling-friends-DcYVPt_d.webp     [39m[1m[2m  190.59 kB[22m[1m[22m
[2mdist/[22m[32massets/ressourcen-unterstuetzung-DWJ86p9h.webp    [39m[1m[2m  203.06 kB[22m[1m[22m
[2mdist/[22m[32massets/gestalttherapie-en-DqOf6cza.jpg            [39m[1m[2m  299.52 kB[22m[1m[22m
[2mdist/[22m[32massets/gestalttherapie-de-CORvi-0w.jpg            [39m[1m[2m  306.74 kB[22m[1m[22m
[2mdist/[22m[32massets/gestalttherapie-fr-C2b49ynx.jpg            [39m[1m[2m  308.91 kB[22m[1m[22m
[2mdist/[22m[32massets/ressourcen-unterstuetzung-de-CPVUd7UI.jpg  [39m[1m[2m  619.55 kB[22m[1m[22m
[2mdist/[22m[32massets/ressourcen-unterstuetzung-en-7T5cQONh.jpg  [39m[1m[2m  621.28 kB[22m[1m[22m
[2mdist/[22m[32massets/ressourcen-unterstuetzung-fr-CisvG7SL.jpg  [39m[1m[2m  625.22 kB[22m[1m[22m
[2mdist/[22m[32massets/gestalt-kontaktzyklus-en-ORhrMigl.jpg      [39m[1m[2m  883.44 kB[22m[1m[22m
[2mdist/[22m[32massets/gestalt-kontaktzyklus-fr-BYrnKSkM.jpg      [39m[1m[2m  905.33 kB[22m[1m[22m
[2mdist/[22m[32massets/gestalt-kontaktzyklus-de-DZRTxoHn.jpg      [39m[1m[2m  915.14 kB[22m[1m[22m
[2mdist/[22m[32massets/TrainingHero-DVtfqfFl.svg                  [39m[1m[2m1,283.94 kB[22m[1m[22m[2m Ôöé gzip:   944.42 kB[22m
[2mdist/[22m[32massets/GestaltHero-o3pfZvdJ.svg                   [39m[1m[2m6,899.84 kB[22m[1m[22m[2m Ôöé gzip: 5,145.56 kB[22m
[2mdist/[22m[35massets/index-D-K8z4A9.css                         [39m[1m[2m   98.66 kB[22m[1m[22m[2m Ôöé gzip:    16.03 kB[22m
[2mdist/[22m[36massets/johannes-coaching-new-GI7z2Hc-.js          [39m[1m[2m    0.07 kB[22m[1m[22m[2m Ôöé gzip:     0.09 kB[22m
[2mdist/[22m[36massets/johannes-cycling-friends-BV2yZA_5.js       [39m[1m[2m    0.07 kB[22m[1m[22m[2m Ôöé gzip:     0.09 kB[22m
[2mdist/[22m[36massets/arrow-right-Dkafm0T6.js                    [39m[1m[2m    0.33 kB[22m[1m[22m[2m Ôöé gzip:     0.26 kB[22m
[2mdist/[22m[36massets/target-TCWNVlHd.js                         [39m[1m[2m    0.39 kB[22m[1m[22m[2m Ôöé gzip:     0.26 kB[22m
[2mdist/[22m[36massets/heart-Cqmnl6QU.js                          [39m[1m[2m    0.41 kB[22m[1m[22m[2m Ôöé gzip:     0.31 kB[22m
[2mdist/[22m[36massets/star-Cmv3lsr-.js                           [39m[1m[2m    0.64 kB[22m[1m[22m[2m Ôöé gzip:     0.40 kB[22m
[2mdist/[22m[36massets/AnimatedSection-CsWQuT8m.js                [39m[1m[2m    0.65 kB[22m[1m[22m[2m Ôöé gzip:     0.33 kB[22m
[2mdist/[22m[36massets/NotFound-BrinXuuR.js                       [39m[1m[2m    0.67 kB[22m[1m[22m[2m Ôöé gzip:     0.40 kB[22m
[2mdist/[22m[36massets/dumbbell-qedI1S20.js                       [39m[1m[2m    0.73 kB[22m[1m[22m[2m Ôöé gzip:     0.40 kB[22m
[2mdist/[22m[36massets/animations-q1c-seXz.js                     [39m[1m[2m    0.77 kB[22m[1m[22m[2m Ôöé gzip:     0.28 kB[22m
[2mdist/[22m[36massets/brain-C3Hx5fpH.js                          [39m[1m[2m    0.90 kB[22m[1m[22m[2m Ôöé gzip:     0.46 kB[22m
[2mdist/[22m[36massets/card-62k4JzZi.js                           [39m[1m[2m    1.04 kB[22m[1m[22m[2m Ôöé gzip:     0.40 kB[22m
[2mdist/[22m[36massets/ThreeDBackground-3vjdpMDk.js               [39m[1m[2m    1.60 kB[22m[1m[22m[2m Ôöé gzip:     0.91 kB[22m
[2mdist/[22m[36massets/SEO-Dm8sYHC6.js                            [39m[1m[2m    2.25 kB[22m[1m[22m[2m Ôöé gzip:     1.01 kB[22m
[2mdist/[22m[36massets/embla-carousel-autoplay.esm-CPJPC-qK.js    [39m[1m[2m    2.44 kB[22m[1m[22m[2m Ôöé gzip:     1.10 kB[22m
[2mdist/[22m[36massets/Datenschutz-BvMEkrf7.js                    [39m[1m[2m    2.72 kB[22m[1m[22m[2m Ôöé gzip:     0.83 kB[22m
[2mdist/[22m[36massets/GestaltScrollTelling-0ADngPP9.js           [39m[1m[2m    3.02 kB[22m[1m[22m[2m Ôöé gzip:     1.32 kB[22m
[2mdist/[22m[36massets/Impressum-XQOi2cVn.js                      [39m[1m[2m    3.43 kB[22m[1m[22m[2m Ôöé gzip:     1.09 kB[22m
[2mdist/[22m[36massets/Footer-D3rckzjm.js                         [39m[1m[2m    4.91 kB[22m[1m[22m[2m Ôöé gzip:     1.62 kB[22m
[2mdist/[22m[36massets/magnetic-button-oNWgyTza.js                [39m[1m[2m    6.76 kB[22m[1m[22m[2m Ôöé gzip:     2.62 kB[22m
[2mdist/[22m[36massets/accordion-CfT35R-2.js                      [39m[1m[2m    7.12 kB[22m[1m[22m[2m Ôöé gzip:     2.74 kB[22m
[2mdist/[22m[36massets/Index-DZ9r8tVu.js                          [39m[1m[2m    8.01 kB[22m[1m[22m[2m Ôöé gzip:     2.73 kB[22m
[2mdist/[22m[36massets/Kontakt-BVCctyB9.js                        [39m[1m[2m   10.30 kB[22m[1m[22m[2m Ôöé gzip:     2.99 kB[22m
[2mdist/[22m[36massets/Angebot-DuyVIkW_.js                        [39m[1m[2m   15.06 kB[22m[1m[22m[2m Ôöé gzip:     4.15 kB[22m
[2mdist/[22m[36massets/Gestalttherapie-Cbk5C_f9.js                [39m[1m[2m   20.03 kB[22m[1m[22m[2m Ôöé gzip:     5.10 kB[22m
[2mdist/[22m[36massets/PersonalTraining-Dhtb18mM.js               [39m[1m[2m   20.54 kB[22m[1m[22m[2m Ôöé gzip:     5.20 kB[22m
[2mdist/[22m[36massets/MyWork-CG8iwM4m.js                         [39m[1m[2m   25.69 kB[22m[1m[22m[2m Ôöé gzip:     6.05 kB[22m
[2mdist/[22m[36massets/UeberMich-5Jb4QV_t.js                      [39m[1m[2m   39.25 kB[22m[1m[22m[2m Ôöé gzip:    13.50 kB[22m
[2mdist/[22m[36massets/animations-C2D5c02J.js                     [39m[1m[2m  126.04 kB[22m[1m[22m[2m Ôöé gzip:    42.20 kB[22m
[2mdist/[22m[36massets/vendor-WFLNrhlT.js                         [39m[1m[2m  162.11 kB[22m[1m[22m[2m Ôöé gzip:    52.89 kB[22m
[2mdist/[22m[36massets/index-tfTiAkyt.js                          [39m[1m[2m  283.94 kB[22m[1m[22m[2m Ôöé gzip:    93.63 kB[22m
[2mdist/[22m[36massets/three-D6Hz6p7w.js                          [39m[1m[33m  865.44 kB[39m[22m[2m Ôöé gzip:   233.53 kB[22m
node.exe : [33m
Au caractère Ligne:1 
: 1
+ & "C:\Program Files\
nodejs/node.exe" 
"C:\Program 
Files\nodejs/node_mo 
...
+ ~~~~~~~~~~~~~~~~~~~~
~~~~~~~~~~~~~~~~~~~~~~
~~~~~~~~~~~~~~~~~~~~~~
~~~~~
    + CategoryInfo    
          : 
NotSpecified: (    
[33m:String) [], Remo 
   teException
    + 
FullyQualifiedError   
 Id : 
NativeCommandErr    or
 
(!) Some chunks are 
larger than 500 kB 
after minification. 
Consider:
- Using dynamic 
import() to 
code-split the 
application
- Use build.rollupOpti
ons.output.manualChunk
s to improve 
chunking: https://roll
upjs.org/configuration
-options/#output-manua
lchunks
- Adjust chunk size 
limit for this 
warning via build.chun
kSizeWarningLimit.[39
m
[32mÔ£ô built in 45.44s[39m
[31merror during 
build:
Error: 
  Configure "workbox.m
aximumFileSizeToCacheI
nBytes" to change the 
limit: the default 
value is 2 MiB.
  Check https://vite-p
wa-org.netlify.app/gui
de/faq.html#missing-as
sets-from-sw-precache-
manifest for more 
information.
  Assets exceeding 
the limit:
  - assets/GestaltHero
-o3pfZvdJ.svg is 6.9 
MB, and won't be 
precached.

    at 
logWorkboxResult (file
:///C:/Users/psjoh/Des
ktop/Selbstst%C3%A4ndi
gkeit/Website/Website%
20Aktuell%20(12.2025)/
project-hub-central/no
de_modules/vite-plugin
-pwa/dist/chunk-G4TAN3
4B.js:44:13)
    at 
generateServiceWorker 
(file:///C:/Users/psjo
h/Desktop/Selbstst%C3%
A4ndigkeit/Website/Web
site%20Aktuell%20(12.2
025)/project-hub-centr
al/node_modules/vite-p
lugin-pwa/dist/index.j
s:209:3)
    at async 
_generateSW (file:///C
:/Users/psjoh/Desktop/
Selbstst%C3%A4ndigkeit
/Website/Website%20Akt
uell%20(12.2025)/proje
ct-hub-central/node_mo
dules/vite-plugin-pwa/
dist/index.js:234:5)
    at async 
Object.handler (file:/
//C:/Users/psjoh/Deskt
op/Selbstst%C3%A4ndigk
eit/Website/Website%20
Aktuell%20(12.2025)/pr
oject-hub-central/node
_modules/vite-plugin-p
wa/dist/index.js:427:1
3)
    at async PluginDri
ver.hookParallel (file
:///C:/Users/psjoh/Des
ktop/Selbstst%C3%A4ndi
gkeit/Website/Website%
20Aktuell%20(12.2025)/
project-hub-central/no
de_modules/rollup/dist
/es/shared/node-entry.
js:20652:17)
    at async 
Object.close (file:///
C:/Users/psjoh/Desktop
/Selbstst%C3%A4ndigkei
t/Website/Website%20Ak
tuell%20(12.2025)/proj
ect-hub-central/node_m
odules/rollup/dist/es/
shared/node-entry.js:2
1627:13)
    at async build (fi
le:///C:/Users/psjoh/D
esktop/Selbstst%C3%A4n
digkeit/Website/Websit
e%20Aktuell%20(12.2025
)/project-hub-central/
node_modules/vite/dist
/node/chunks/dep-C6uTJ
dX2.js:65716:17)
    at async 
CAC.<anonymous> (file:
///C:/Users/psjoh/Desk
top/Selbstst%C3%A4ndig
keit/Website/Website%2
0Aktuell%20(12.2025)/p
roject-hub-central/nod
e_modules/vite/dist/no
de/cli.js:829:5)[39m
